Apex V6 Survivalist Active. Equity: $101,632.62
C:\Users\SCENTECH SERVICES\AppData\Local\Programs\Python\Python39\lib\site-packages\gymnasium\spaces\box.py:235: UserWarning: [33mWARN: Box low's precision lowered by casting to float32, current low.dtype=float64[0m
  gym.logger.warn(
C:\Users\SCENTECH SERVICES\AppData\Local\Programs\Python\Python39\lib\site-packages\gymnasium\spaces\box.py:305: UserWarning: [33mWARN: Box high's precision lowered by casting to float32, current high.dtype=float64[0m
  gym.logger.warn(
Apex Survival Brain Synchronized.
[03:33:10] P:-1.00 | F:0.00 | PnL:+0.000% | Stag:0.0
Order Executed: XAUUSD SELL at 4458.38
[03:33:13] P:-1.00 | F:0.00 | PnL:-0.002% | Stag:0.5
[03:33:17] P:-1.00 | F:0.00 | PnL:+0.005% | Stag:0.0
[03:33:20] P:+0.05 | F:0.00 | PnL:+0.001% | Stag:0.5
[03:33:23] P:-1.00 | F:0.00 | PnL:+0.009% | Stag:0.0
[03:33:26] P:-1.00 | F:0.00 | PnL:+0.012% | Stag:0.0
[03:33:29] P:-1.00 | F:0.00 | PnL:+0.014% | Stag:0.0
[03:33:32] P:-1.00 | F:0.00 | PnL:+0.014% | Stag:0.5
[03:33:35] P:-1.00 | F:0.00 | PnL:+0.014% | Stag:1.0
[03:33:39] P:-0.40 | F:0.00 | PnL:+0.006% | Stag:1.5
[03:33:42] P:+1.00 | F:0.00 | PnL:+0.021% | Stag:0.0
Positions Closed: Apex_Reverse
Order Executed: XAUUSD BUY at 4457.24
[03:33:45] P:-0.49 | F:0.00 | PnL:-0.006% | Stag:0.5
Positions Closed: Apex_Reverse
Order Executed: XAUUSD SELL at 4457.03
[03:33:49] P:+1.00 | F:0.00 | PnL:-0.005% | Stag:0.5
Positions Closed: Apex_Reverse
Order Executed: XAUUSD BUY at 4457.24
[03:33:52] P:-0.12 | F:0.00 | PnL:-0.004% | Stag:0.5
[03:33:55] P:+0.67 | F:0.00 | PnL:-0.004% | Stag:1.0
[03:33:59] P:+0.34 | F:0.00 | PnL:-0.000% | Stag:1.5
[03:34:02] P:-1.00 | F:0.00 | PnL:-0.003% | Stag:2.0
Positions Closed: Apex_Reverse
Order Executed: XAUUSD SELL at 4457.24
[03:34:05] P:-1.00 | F:0.00 | PnL:+0.000% | Stag:0.0
Order Executed: XAUUSD SELL at 4457.91
[03:34:08] P:-1.00 | F:0.00 | PnL:+0.000% | Stag:0.0
Order Executed: XAUUSD SELL at 4458.78
[03:34:12] P:-1.00 | F:0.00 | PnL:+0.000% | Stag:0.0
Order Executed: XAUUSD SELL at 4459.24
[03:34:15] P:-1.00 | F:0.00 | PnL:+0.001% | Stag:0.0
[03:34:18] P:-1.00 | F:0.00 | PnL:+0.012% | Stag:0.0
[03:34:21] P:+1.00 | F:0.00 | PnL:+0.009% | Stag:0.5
Positions Closed: Apex_Reverse
Order Executed: XAUUSD BUY at 4458.53
[03:34:25] P:-0.96 | F:0.00 | PnL:+0.001% | Stag:0.5
Positions Closed: Apex_Reverse
Order Executed: XAUUSD SELL at 4458.69
[03:34:28] P:+1.00 | F:0.00 | PnL:-0.003% | Stag:0.5
Positions Closed: Apex_Reverse
Order Executed: XAUUSD BUY at 4458.6
[03:34:32] P:-1.00 | F:0.00 | PnL:-0.002% | Stag:0.5
Positions Closed: Apex_Reverse
Order Executed: XAUUSD SELL at 4458.73
[03:34:35] P:+1.00 | F:0.00 | PnL:-0.002% | Stag:0.5
Positions Closed: Apex_Reverse
Order Executed: XAUUSD BUY at 4458.59
[03:34:38] P:-1.00 | F:0.00 | PnL:-0.003% | Stag:0.5
Positions Closed: Apex_Reverse
Order Executed: XAUUSD SELL at 4458.51
[03:34:42] P:+1.00 | F:0.00 | PnL:-0.003% | Stag:0.5
Positions Closed: Apex_Reverse
Order Executed: XAUUSD BUY at 4458.55
[03:34:45] P:+1.00 | F:0.00 | PnL:-0.001% | Stag:0.5
[03:34:48] P:+1.00 | F:0.00 | PnL:-0.007% | Stag:1.0
[03:34:51] P:+1.00 | F:0.00 | PnL:-0.013% | Stag:1.5
[03:34:55] P:+1.00 | F:0.00 | PnL:+0.004% | Stag:2.0
[03:34:58] P:+1.00 | F:0.00 | PnL:+0.001% | Stag:2.5
[03:35:01] P:-1.00 | F:0.00 | PnL:+0.008% | Stag:3.0
Positions Closed: Apex_Reverse
Order Executed: XAUUSD SELL at 4459.02
[03:35:05] P:-0.71 | F:0.00 | PnL:-0.005% | Stag:0.5
[03:35:08] P:-0.68 | F:0.00 | PnL:+0.001% | Stag:1.0
[03:35:11] P:-0.71 | F:0.00 | PnL:+0.004% | Stag:1.5
[03:35:14] P:-0.53 | F:0.00 | PnL:-0.013% | Stag:2.0
[03:35:17] P:-0.52 | F:0.00 | PnL:-0.011% | Stag:2.5
[03:35:20] P:+1.00 | F:0.00 | PnL:-0.001% | Stag:3.0
Positions Closed: Apex_Reverse
Order Executed: XAUUSD BUY at 4458.95
[03:35:24] P:+1.00 | F:0.00 | PnL:-0.009% | Stag:0.5
[03:35:27] P:+1.00 | F:0.00 | PnL:+0.009% | Stag:1.0
[03:35:30] P:+1.00 | F:0.00 | PnL:+0.002% | Stag:1.5
[03:35:34] P:+0.95 | F:0.00 | PnL:+0.001% | Stag:2.0
[03:35:37] P:+0.79 | F:0.00 | PnL:-0.005% | Stag:2.5
[03:35:40] P:+1.00 | F:0.00 | PnL:-0.007% | Stag:3.0
[03:35:43] P:+1.00 | F:0.00 | PnL:-0.010% | Stag:3.5
[03:35:46] P:+1.00 | F:0.00 | PnL:-0.010% | Stag:4.0
[03:35:49] P:+1.00 | F:0.00 | PnL:-0.010% | Stag:4.5
[03:35:52] P:+1.00 | F:0.00 | PnL:-0.012% | Stag:5.0
[03:35:55] P:+1.00 | F:0.00 | PnL:+0.000% | Stag:0.0
Order Executed: XAUUSD BUY at 4458.39
[03:35:59] P:+1.00 | F:0.00 | PnL:-0.003% | Stag:0.5
[03:36:02] P:-1.00 | F:0.00 | PnL:+0.002% | Stag:0.0
Positions Closed: Apex_Reverse
Order Executed: XAUUSD SELL at 4458.37
[03:36:05] P:-0.36 | F:0.00 | PnL:+0.002% | Stag:0.5
[03:36:08] P:-1.00 | F:0.00 | PnL:+0.016% | Stag:0.0
[03:36:12] P:-0.68 | F:0.00 | PnL:+0.003% | Stag:0.5
[03:36:15] P:-0.99 | F:0.00 | PnL:+0.002% | Stag:1.0
[03:36:18] P:-0.70 | F:0.00 | PnL:+0.006% | Stag:1.5
[03:36:21] P:+1.00 | F:0.00 | PnL:+0.003% | Stag:2.0
Positions Closed: Apex_Reverse
Order Executed: XAUUSD BUY at 4458.16
[03:36:25] P:+1.00 | F:0.00 | PnL:+0.014% | Stag:0.5
[03:36:28] P:+1.00 | F:0.00 | PnL:+0.023% | Stag:0.0
[03:36:31] P:+1.00 | F:0.00 | PnL:+0.024% | Stag:0.0
[03:36:34] P:+1.00 | F:0.00 | PnL:+0.026% | Stag:0.0
[03:36:37] P:+1.00 | F:0.00 | PnL:+0.032% | Stag:0.0
[03:36:40] P:+1.00 | F:0.00 | PnL:+0.026% | Stag:0.5
[03:36:43] P:+1.00 | F:0.00 | PnL:+0.033% | Stag:0.0
[03:36:46] P:+1.00 | F:0.00 | PnL:+0.026% | Stag:0.5
[03:36:50] P:+1.00 | F:0.00 | PnL:+0.026% | Stag:1.0
[03:36:53] P:+1.00 | F:0.00 | PnL:+0.020% | Stag:1.5
[03:36:56] P:+1.00 | F:0.00 | PnL:+0.009% | Stag:2.0
[03:36:59] P:+1.00 | F:0.00 | PnL:+0.013% | Stag:2.5
[03:37:02] P:-1.00 | F:0.00 | PnL:+0.009% | Stag:3.0
Positions Closed: Apex_Reverse
Order Executed: XAUUSD SELL at 4458.6
[03:37:06] P:-1.00 | F:0.00 | PnL:+0.012% | Stag:0.5
[03:37:09] P:-1.00 | F:0.00 | PnL:+0.014% | Stag:1.0
[03:37:12] P:-1.00 | F:0.00 | PnL:+0.017% | Stag:1.5
[03:37:15] P:-1.00 | F:0.00 | PnL:+0.012% | Stag:2.0
[03:37:18] P:-1.00 | F:0.00 | PnL:+0.023% | Stag:2.5
[03:37:22] P:+0.24 | F:0.00 | PnL:+0.010% | Stag:3.0
Positions Closed: Apex_Reverse
Order Executed: XAUUSD BUY at 4457.99
[03:37:25] P:-0.89 | F:0.00 | PnL:-0.006% | Stag:0.5
Positions Closed: Apex_Reverse
Order Executed: XAUUSD SELL at 4457.77
[03:37:29] P:-0.24 | F:0.00 | PnL:-0.000% | Stag:0.5
[03:37:32] P:-0.12 | F:0.00 | PnL:-0.005% | Stag:1.0
[03:37:35] P:-0.30 | F:0.00 | PnL:-0.006% | Stag:1.5
[03:37:38] P:-0.46 | F:0.00 | PnL:-0.004% | Stag:2.0
[03:37:42] P:+1.00 | F:0.00 | PnL:-0.007% | Stag:2.5
Positions Closed: Apex_Reverse
Order Executed: XAUUSD BUY at 4457.83
[03:37:45] P:+1.00 | F:0.00 | PnL:-0.012% | Stag:0.5
[03:37:48] P:+1.00 | F:0.00 | PnL:-0.007% | Stag:1.0
[03:37:51] P:+1.00 | F:0.00 | PnL:-0.012% | Stag:1.5
[03:37:54] P:+0.37 | F:0.00 | PnL:-0.022% | Stag:2.0
[03:37:57] P:+1.00 | F:0.00 | PnL:+0.000% | Stag:0.0
Order Executed: XAUUSD BUY at 4456.75
[03:38:01] P:-1.00 | F:0.00 | PnL:-0.007% | Stag:0.5
Positions Closed: Apex_Reverse
Order Executed: XAUUSD SELL at 4456.58
[03:38:04] P:-1.00 | F:0.00 | PnL:+0.002% | Stag:0.0
[03:38:07] P:-1.00 | F:0.00 | PnL:+0.002% | Stag:0.5
[03:38:10] P:-1.00 | F:0.00 | PnL:+0.003% | Stag:0.0
[03:38:14] P:-1.00 | F:0.00 | PnL:+0.009% | Stag:0.0
[03:38:17] P:-1.00 | F:0.00 | PnL:+0.003% | Stag:0.5
[03:38:20] P:+0.09 | F:0.00 | PnL:+0.005% | Stag:1.0
[03:38:23] P:-1.00 | F:0.00 | PnL:+0.014% | Stag:0.0
[03:38:26] P:-1.00 | F:0.00 | PnL:+0.011% | Stag:0.5
[03:38:29] P:-1.00 | F:0.17 | PnL:+0.022% | Stag:0.0
[03:38:33] P:-1.00 | F:0.25 | PnL:+0.024% | Stag:0.0
[03:38:36] P:-1.00 | F:0.00 | PnL:+0.022% | Stag:0.5
[03:38:39] P:-1.00 | F:0.00 | PnL:+0.020% | Stag:1.0
[03:38:42] P:+1.00 | F:0.00 | PnL:+0.008% | Stag:1.5
Positions Closed: Apex_Reverse
Order Executed: XAUUSD BUY at 4456.04
[03:38:45] P:+0.91 | F:0.00 | PnL:-0.012% | Stag:0.5
[03:38:48] P:+0.69 | F:0.00 | PnL:-0.014% | Stag:1.0
[03:38:52] P:+0.55 | F:0.00 | PnL:-0.017% | Stag:1.5
[03:38:55] P:+0.46 | F:0.00 | PnL:-0.017% | Stag:2.0
[03:38:58] P:+0.19 | F:0.00 | PnL:-0.020% | Stag:2.5
[03:39:01] P:-1.00 | F:0.00 | PnL:-0.013% | Stag:3.0
Positions Closed: Apex_Reverse
Order Executed: XAUUSD SELL at 4455.69
[03:39:04] P:-1.00 | F:0.00 | PnL:-0.003% | Stag:0.5
[03:39:08] P:-1.00 | F:0.00 | PnL:+0.004% | Stag:1.0
[03:39:11] P:-1.00 | F:0.00 | PnL:-0.001% | Stag:1.5
[03:39:14] P:-1.00 | F:0.00 | PnL:+0.001% | Stag:2.0
[03:39:17] P:-1.00 | F:0.00 | PnL:-0.006% | Stag:2.5
[03:39:20] P:-0.27 | F:0.00 | PnL:+0.002% | Stag:3.0
[03:39:23] P:-0.80 | F:0.00 | PnL:+0.004% | Stag:3.5
[03:39:26] P:-0.79 | F:0.00 | PnL:+0.005% | Stag:4.0
[03:39:29] P:-0.83 | F:0.00 | PnL:+0.006% | Stag:4.5
[03:39:33] P:-1.00 | F:0.00 | PnL:+0.013% | Stag:5.0
[03:39:36] P:-1.00 | F:0.00 | PnL:+0.019% | Stag:5.5
[03:39:39] P:-1.00 | F:0.55 | PnL:+0.038% | Stag:0.0
[03:39:42] P:+1.00 | F:0.51 | PnL:+0.041% | Stag:0.0
Positions Closed: Apex_Reverse
Order Executed: XAUUSD BUY at 4453.67
[03:39:45] P:-0.30 | F:0.00 | PnL:-0.000% | Stag:0.5
Positions Closed: Apex_Reverse
Order Executed: XAUUSD SELL at 4453.78
[03:39:49] P:+0.66 | F:0.00 | PnL:-0.002% | Stag:0.5
Positions Closed: Apex_Reverse
Order Executed: XAUUSD BUY at 4453.39
[03:39:52] P:-0.68 | F:0.00 | PnL:-0.019% | Stag:0.5
Positions Closed: Apex_Reverse
Order Executed: XAUUSD SELL at 4452.75
[03:39:56] P:+0.40 | F:0.00 | PnL:-0.002% | Stag:0.5
Positions Closed: Apex_Reverse
Order Executed: XAUUSD BUY at 4452.89
[03:39:59] P:-1.00 | F:0.00 | PnL:-0.010% | Stag:0.5
Positions Closed: Apex_Reverse
Order Executed: XAUUSD SELL at 4452.55
[03:40:03] P:-1.00 | F:0.00 | PnL:+0.005% | Stag:0.5
[03:40:06] P:-1.00 | F:0.00 | PnL:+0.020% | Stag:1.0
[03:40:09] P:-1.00 | F:0.00 | PnL:+0.011% | Stag:1.5
[03:40:12] P:-1.00 | F:0.00 | PnL:+0.022% | Stag:2.0
[03:40:15] P:-1.00 | F:0.00 | PnL:+0.021% | Stag:2.5
[03:40:19] P:-1.00 | F:0.00 | PnL:+0.032% | Stag:3.0
[03:40:22] P:-1.00 | F:0.00 | PnL:+0.026% | Stag:3.5
[03:40:25] P:-1.00 | F:0.00 | PnL:+0.029% | Stag:4.0
[03:40:28] P:-1.00 | F:0.00 | PnL:+0.028% | Stag:4.5
[03:40:31] P:-1.00 | F:0.00 | PnL:+0.038% | Stag:5.0
[03:40:34] P:-1.00 | F:0.00 | PnL:+0.025% | Stag:5.5
[03:40:38] P:-1.00 | F:0.00 | PnL:+0.018% | Stag:6.0
[03:40:41] P:+0.99 | F:0.00 | PnL:+0.009% | Stag:6.5
Positions Closed: Apex_Reverse
Order Executed: XAUUSD BUY at 4451.93
[03:40:44] P:-0.35 | F:0.00 | PnL:+0.000% | Stag:0.0
Order Executed: XAUUSD SELL at 4451.01
[03:40:48] P:-0.09 | F:0.00 | PnL:-0.003% | Stag:0.5
[03:40:51] P:+0.77 | F:0.00 | PnL:-0.005% | Stag:1.0
Positions Closed: Apex_Reverse
Order Executed: XAUUSD BUY at 4451.01
[03:40:54] P:+0.82 | F:0.00 | PnL:+0.007% | Stag:0.0
[03:40:57] P:-0.10 | F:0.00 | PnL:-0.006% | Stag:0.5
[03:41:01] P:-1.00 | F:0.00 | PnL:-0.012% | Stag:1.0
Positions Closed: Apex_Reverse
Order Executed: XAUUSD SELL at 4450.65
[03:41:04] P:-1.00 | F:0.00 | PnL:+0.010% | Stag:0.0
[03:41:07] P:-1.00 | F:0.00 | PnL:+0.012% | Stag:0.0
[03:41:10] P:-1.00 | F:0.00 | PnL:+0.000% | Stag:0.0
Order Executed: XAUUSD SELL at 4449.46
[03:41:14] P:-1.00 | F:0.00 | PnL:+0.004% | Stag:0.0
[03:41:17] P:-1.00 | F:0.00 | PnL:-0.002% | Stag:0.5
[03:41:20] P:-0.06 | F:0.00 | PnL:-0.024% | Stag:1.0
[03:41:23] P:-1.00 | F:0.00 | PnL:+0.000% | Stag:0.0
Order Executed: XAUUSD SELL at 4449.36
[03:41:26] P:-1.00 | F:0.00 | PnL:+0.002% | Stag:0.0
[03:41:29] P:-1.00 | F:0.00 | PnL:-0.000% | Stag:0.5
[03:41:33] P:-1.00 | F:0.00 | PnL:-0.009% | Stag:1.0
[03:41:36] P:-0.85 | F:0.00 | PnL:-0.011% | Stag:1.5
[03:41:39] P:-1.00 | F:0.00 | PnL:+0.000% | Stag:0.0
Order Executed: XAUUSD SELL at 4449.25
[03:41:42] P:+1.00 | F:0.00 | PnL:+0.001% | Stag:0.0
Positions Closed: Apex_Reverse
Order Executed: XAUUSD BUY at 4449.07
[03:41:46] P:-1.00 | F:0.00 | PnL:-0.008% | Stag:0.5
Positions Closed: Apex_Reverse
Order Executed: XAUUSD SELL at 4448.92
[03:41:49] P:+1.00 | F:0.00 | PnL:+0.000% | Stag:0.0
Order Executed: XAUUSD BUY at 4449.72
[03:41:52] P:-0.74 | F:0.00 | PnL:-0.018% | Stag:0.5
Positions Closed: Apex_Reverse
Order Executed: XAUUSD SELL at 4449.14
[03:41:56] P:+1.00 | F:0.00 | PnL:-0.009% | Stag:0.5
Positions Closed: Apex_Reverse
Order Executed: XAUUSD BUY at 4449.68
[03:41:59] P:-0.04 | F:0.00 | PnL:-0.004% | Stag:0.5
Positions Closed: Apex_Neural_Exit
[03:42:02] P:-1.00 | F:0.00 | PnL:+0.000% | Stag:0.0
Order Executed: XAUUSD SELL at 4450.1
[03:42:06] P:-1.00 | F:0.00 | PnL:+0.010% | Stag:0.0
[03:42:09] P:-1.00 | F:0.00 | PnL:+0.000% | Stag:0.0
Order Executed: XAUUSD SELL at 4449.7
[03:42:12] P:-1.00 | F:0.00 | PnL:-0.020% | Stag:0.5
[03:42:15] P:-1.00 | F:0.00 | PnL:+0.000% | Stag:0.0
Order Executed: XAUUSD SELL at 4450.26
[03:42:19] P:-1.00 | F:0.00 | PnL:+0.000% | Stag:0.0
Order Executed: XAUUSD SELL at 4451.21
[03:42:22] P:+1.00 | F:0.00 | PnL:-0.012% | Stag:0.5
Positions Closed: Apex_Reverse
Order Executed: XAUUSD BUY at 4451.46
[03:42:25] P:-0.62 | F:0.00 | PnL:-0.001% | Stag:0.5
Positions Closed: Apex_Reverse
Order Executed: XAUUSD SELL at 4451.62
[03:42:29] P:+1.00 | F:0.00 | PnL:+0.003% | Stag:0.0
Positions Closed: Apex_Reverse
Order Executed: XAUUSD BUY at 4451.39
[03:42:32] P:-0.67 | F:0.00 | PnL:+0.000% | Stag:0.5
Positions Closed: Apex_Reverse
Order Executed: XAUUSD SELL at 4451.6
[03:42:36] P:+1.00 | F:0.00 | PnL:-0.003% | Stag:0.5
Positions Closed: Apex_Reverse
Order Executed: XAUUSD BUY at 4451.77
[03:42:39] P:-0.47 | F:0.00 | PnL:+0.001% | Stag:0.5
Positions Closed: Apex_Reverse
Order Executed: XAUUSD SELL at 4451.97
[03:42:43] P:+1.00 | F:0.00 | PnL:-0.005% | Stag:0.5
Positions Closed: Apex_Reverse
Order Executed: XAUUSD BUY at 4451.95
[03:42:46] P:+1.00 | F:0.00 | PnL:+0.003% | Stag:0.5
[03:42:49] P:+1.00 | F:0.00 | PnL:+0.008% | Stag:0.0
