Sniper V4 Connected. Equity: 101772.86
Sniper Brain Loaded Successfully.
Sniper V4 Live Monitor active for XAUUSD...
[2026-01-05 05:35:00] Opening Sell Order: -1.0000 | Mult: 0.50 | ATR: 4.70
ORDER PLACED: SELL @ 4405.98 | SL: 4408.33 | TP: 4400.11
[2026-01-05 05:40:00] Opening Sell Order: -1.0000 | Mult: 0.50 | ATR: 4.53
ORDER PLACED: SELL @ 4408.42 | SL: 4410.69 | TP: 4402.76
[2026-01-05 05:45:00] Opening Sell Order: -1.0000 | Mult: 0.50 | ATR: 4.45
ORDER PLACED: SELL @ 4409.53 | SL: 4411.75 | TP: 4403.97
Closed 54540669398 for Sniper Reverse
[2026-01-05 05:55:00] Opening Buy Order: 0.7684 | Mult: 0.50 | ATR: 4.27
ORDER PLACED: BUY @ 4404.12 | SL: 4401.99 | TP: 4409.45
Closed 54540784459 for Sniper Reverse
[2026-01-05 06:00:00] Opening Sell Order: -1.0000 | Mult: 0.50 | ATR: 4.20
ORDER PLACED: SELL @ 4400.18 | SL: 4402.28 | TP: 4394.93
[2026-01-05 06:05:00] Opening Sell Order: -1.0000 | Mult: 0.50 | ATR: 4.22
ORDER PLACED: SELL @ 4402.82 | SL: 4404.93 | TP: 4397.55
Closed 54540891655 for Sniper Reverse
[2026-01-05 06:10:00] Opening Buy Order: 0.6158 | Mult: 0.50 | ATR: 4.19
ORDER PLACED: BUY @ 4398.9 | SL: 4396.81 | TP: 4404.13
Closed 54540975864 for Sniper Reverse
[2026-01-05 06:15:00] Opening Sell Order: -1.0000 | Mult: 0.50 | ATR: 3.86
ORDER PLACED: SELL @ 4400.12 | SL: 4402.05 | TP: 4395.30
[2026-01-05 06:20:00] Opening Sell Order: -1.0000 | Mult: 0.50 | ATR: 3.84
ORDER PLACED: SELL @ 4403.59 | SL: 4405.51 | TP: 4398.79
[2026-01-05 06:25:00] Opening Sell Order: -1.0000 | Mult: 0.50 | ATR: 3.75
ORDER PLACED: SELL @ 4405.55 | SL: 4407.42 | TP: 4400.87
[2026-01-05 06:40:00] Opening Sell Order: -1.0000 | Mult: 0.50 | ATR: 3.53
ORDER PLACED: SELL @ 4407.17 | SL: 4408.94 | TP: 4402.75
[2026-01-05 07:10:00] Opening Sell Order: -1.0000 | Mult: 0.50 | ATR: 2.75
ORDER PLACED: SELL @ 4408.47 | SL: 4409.85 | TP: 4405.03
[2026-01-05 07:20:00] Opening Sell Order: -1.0000 | Mult: 0.50 | ATR: 2.48
Order Failed: Invalid stops
[2026-01-05 10:35:00] Opening Sell Order: -1.0000 | Mult: 0.50 | ATR: 3.51
ORDER PLACED: SELL @ 4425.51 | SL: 4427.26 | TP: 4421.13
[2026-01-05 10:40:00] Opening Sell Order: -1.0000 | Mult: 0.50 | ATR: 3.41
ORDER PLACED: SELL @ 4427.31 | SL: 4429.01 | TP: 4423.05
[2026-01-05 10:45:00] Opening Sell Order: -1.0000 | Mult: 0.50 | ATR: 3.48
ORDER PLACED: SELL @ 4429.97 | SL: 4431.71 | TP: 4425.62
[2026-01-05 10:50:00] Opening Sell Order: -1.0000 | Mult: 0.50 | ATR: 3.38
ORDER PLACED: SELL @ 4431.99 | SL: 4433.68 | TP: 4427.77
